// Jest Snapshot v1, https://goo.gl/fbAQLP

exports[`EventArraySchema should parse a valid event array 1`] = `
[
  {
    "created_at": 2024-05-26T13:38:25.000Z,
    "data": {
      "block_num": 15164540n,
      "coin": {
        "coingeckoTokenId": "usd-coin",
        "decimals": 6,
        "formatDecimals": 2,
        "label": "USDC",
        "symbol": "USDC",
        "token": "0x833589fCD6eDb6E08f4c7C32D4f71b54bdA02913",
      },
      "f": "0x760E2928C3aa3aF87897bE52eb4833d42bbB27cf",
      "log_addr": "0x833589fCD6eDb6E08f4c7C32D4f71b54bdA02913",
      "log_idx": 2n,
      "t": "0xbf65EE06b43B9cA718216241f0b9F81b5ff30CC1",
      "tx_hash": "0xf1443b5abd14e6212dda2d9f5ff1d1d691599de3e8fa019ccc19b909d9bb46a4",
      "tx_idx": 0n,
      "v": 19032n,
    },
    "event_name": "send_account_transfers",
    "from_user": null,
    "to_user": {
      "avatar_url": null,
      "id": "97476407-bf7f-4ebe-86aa-c9d18a0b388a",
      "main_tag_id": 1,
      "main_tag_name": "asdf",
      "name": null,
      "send_id": 65244,
      "tags": [
        "asdf",
        "teq",
        "yuw",
      ],
    },
  },
  {
    "created_at": 2024-05-26T19:41:05.370Z,
    "data": {
      "block_num": 15164541n,
      "coin": {
        "coingeckoTokenId": "ethereum",
        "decimals": 18,
        "formatDecimals": 5,
        "label": "Ethereum",
        "symbol": "ETH",
        "token": "eth",
      },
      "log_addr": "0x71fa02bb11e4b119bEDbeeD2f119F62048245301",
      "log_idx": 2n,
      "tags": [
        "yuw",
      ],
      "tx_hash": "0x37c4281422413a3a78e765452c47abb5c3a95c102282bdd3632ced0b640d861c",
      "tx_idx": 0n,
      "value": 20000000000000000n,
    },
    "event_name": "tag_receipts",
    "from_user": {
      "avatar_url": null,
      "id": "97476407-bf7f-4ebe-86aa-c9d18a0b388a",
      "main_tag_id": 1,
      "main_tag_name": "asdf",
      "name": null,
      "send_id": 65244,
      "tags": [
        "asdf",
        "teq",
        "yuw",
      ],
    },
    "to_user": null,
  },
  {
    "created_at": 2024-05-26T19:41:05.370Z,
    "data": {
      "tags": [
        "disconnect_whorl7351",
      ],
    },
    "event_name": "referrals",
    "from_user": {
      "avatar_url": null,
      "id": "97476407-bf7f-4ebe-86aa-c9d18a0b388a",
      "main_tag_id": 1,
      "main_tag_name": "asdf",
      "name": null,
      "send_id": 65244,
      "tags": [
        "asdf",
        "teq",
        "yuw",
      ],
    },
    "to_user": {
      "avatar_url": "https://i.pravatar.cc/500?u=Hortense Ratke",
      "id": null,
      "main_tag_id": 2,
      "main_tag_name": "disconnect_whorl7351",
      "name": "Mr. Dan Conn",
      "send_id": 12530,
      "tags": [
        "disconnect_whorl7351",
      ],
    },
  },
  {
    "created_at": 2024-05-29T13:34:26.000Z,
    "data": {
      "account": "\\xa7ded3f6316c7d3b5ae2ed711cf535395db921b1",
      "block_num": "15164541",
      "key": [
        "\\x351631d94d8cfc12f6adfc2586111990681f216c7d6d8531e669471293f32f07",
        "\\x83577aa62079c3bb5b813017df43832562d133feb3a7447d28849dac74c8aa43",
      ],
      "key_slot": 0,
      "log_addr": "\\xa7ded3f6316c7d3b5ae2ed711cf535395db921b1",
      "log_idx": "2",
      "tx_hash": "\\x8c5eeeaf3c97bc2378854be36a99536dd181a1273b359ea714b9c1d4ed6c1e85",
      "tx_idx": "0",
    },
    "event_name": "send_account_signing_key_added",
    "from_user": {
      "avatar_url": null,
      "id": "97476407-bf7f-4ebe-86aa-c9d18a0b388a",
      "main_tag_id": null,
      "main_tag_name": null,
      "name": null,
      "send_id": 55617,
      "tags": null,
    },
    "to_user": null,
  },
  {
    "created_at": 2024-05-29T13:34:26.000Z,
    "data": {
      "account": "\\xa7ded3f6316c7d3b5ae2ed711cf535395db921b1",
      "block_num": "15164542",
      "key": [
        "\\x351631d94d8cfc12f6adfc2586111990681f216c7d6d8531e669471293f32f07",
        "\\x83577aa62079c3bb5b813017df43832562d133feb3a7447d28849dac74c8aa43",
      ],
      "key_slot": 0,
      "log_addr": "\\xa7ded3f6316c7d3b5ae2ed711cf535395db921b1",
      "log_idx": "2",
      "tx_hash": "\\x8c5eeeaf3c97bc2378854be36a99536dd181a1273b359ea714b9c1d4ed6c1e85",
      "tx_idx": "0",
    },
    "event_name": "send_account_signing_key_removed",
    "from_user": {
      "avatar_url": null,
      "id": "97476407-bf7f-4ebe-86aa-c9d18a0b388a",
      "main_tag_id": null,
      "main_tag_name": null,
      "name": null,
      "send_id": 55617,
      "tags": null,
    },
    "to_user": null,
  },
  {
    "created_at": 2024-05-27T13:36:07.156Z,
    "data": {
      "block_num": 15164541n,
      "coin": {
        "coingeckoTokenId": "usd-coin",
        "decimals": 6,
        "formatDecimals": 2,
        "label": "USDC",
        "symbol": "USDC",
        "token": "0x833589fCD6eDb6E08f4c7C32D4f71b54bdA02913",
      },
      "f": "0x760E2928C3aa3aF87897bE52eb4833d42bbB27cf",
      "log_addr": "0x833589fCD6eDb6E08f4c7C32D4f71b54bdA02913",
      "log_idx": 2n,
      "note": "Send gonna be $1 someday",
      "t": "0xbf65EE06b43B9cA718216241f0b9F81b5ff30CC1",
      "tx_hash": "0xf1443b5abd14e6212dda2d9f5ff1d1d691599de3e8fa019ccc19b909d9bb46a4",
      "tx_idx": 0n,
      "v": 77777n,
    },
    "event_name": "send_account_transfers",
    "from_user": {
      "avatar_url": null,
      "id": "97476407-bf7f-4ebe-86aa-c9d18a0b388a",
      "main_tag_id": 1,
      "main_tag_name": "asdf",
      "name": null,
      "send_id": 65244,
      "tags": [
        "asdf",
        "teq",
        "yuw",
      ],
    },
    "to_user": {
      "avatar_url": "https://i.pravatar.cc/500?u=Hortense Ratke",
      "id": null,
      "main_tag_id": 1,
      "main_tag_name": "dan",
      "name": "Mr. Dan Conn",
      "send_id": 12530,
      "tags": [
        "dan",
      ],
    },
  },
  {
    "created_at": 2024-06-12T00:31:48.000Z,
    "data": {
      "block_num": 15681483n,
      "coin": {
        "coingeckoTokenId": "ethereum",
        "decimals": 18,
        "formatDecimals": 5,
        "label": "Ethereum",
        "symbol": "ETH",
        "token": "eth",
      },
      "log_addr": "0xB2c21F54653531aa4AffA80F63593913f0C70628",
      "log_idx": 0n,
      "note": "Send gonna be $1 someday",
      "sender": "0xa0Ee7A142d267C1f36714E4a8F75612F20a79720",
      "tx_hash": "0xeec33cc50042cbba53fc1de714bd99b206635f890dbe29771c7986df6da0f6af",
      "tx_idx": 0n,
      "value": 10000000000000000n,
    },
    "event_name": "send_account_receives",
    "from_user": {
      "avatar_url": null,
      "id": null,
      "main_tag_id": null,
      "main_tag_name": null,
      "name": null,
      "send_id": 65244,
      "tags": null,
    },
    "to_user": {
      "avatar_url": null,
      "id": "97476407-bf7f-4ebe-86aa-c9d18a0b388a",
      "main_tag_id": 1,
      "main_tag_name": "asdf",
      "name": null,
      "send_id": 65244,
      "tags": [
        "asdf",
        "teq",
        "yuw",
      ],
    },
  },
  {
    "created_at": 2024-05-26T19:41:05.370Z,
    "data": {
      "block_num": 15164541n,
      "coin": {
        "coingeckoTokenId": "usd-coin",
        "decimals": 6,
        "formatDecimals": 2,
        "label": "USDC",
        "symbol": "USDC",
        "token": "0x833589fCD6eDb6E08f4c7C32D4f71b54bdA02913",
      },
      "log_addr": "0x71fa02bb11e4b119bEDbeeD2f119F62048245301",
      "log_idx": 2n,
      "tags": [
        "tag_receipt_usdc",
      ],
      "tx_hash": "0x37c4281422413a3a78e765452c47abb5c3a95c102282bdd3632ced0b640d861c",
      "tx_idx": 0n,
      "value": 2000000n,
    },
    "event_name": "tag_receipt_usdc",
    "from_user": {
      "avatar_url": null,
      "id": "97476407-bf7f-4ebe-86aa-c9d18a0b388a",
      "main_tag_id": 1,
      "main_tag_name": "asdf",
      "name": null,
      "send_id": 65244,
      "tags": [
        "asdf",
        "teq",
      ],
    },
    "to_user": null,
  },
  {
    "created_at": 2024-07-18T19:32:08.000Z,
    "data": {
      "block_num": 17270890n,
      "coin": {
        "coingeckoTokenId": "usd-coin",
        "decimals": 6,
        "formatDecimals": 2,
        "label": "USDC",
        "symbol": "USDC",
        "token": "0x833589fCD6eDb6E08f4c7C32D4f71b54bdA02913",
      },
      "f": "0xfC1e51BBae1C1Ee9e6Cc629ea0023329EA5023a6",
      "log_addr": "0x833589fCD6eDb6E08f4c7C32D4f71b54bdA02913",
      "log_idx": 4n,
      "t": "0x29369A06d3c17897E819C43202A7f4A1004B20cF",
      "tx_hash": "0x797a6a0fdd1c849e4e6e58bdc02966d19cff1eb8ef257216914288e715e460b8",
      "tx_idx": 0n,
      "v": 8000000n,
    },
    "event_name": "send_account_transfers",
    "from_user": null,
    "to_user": {
      "avatar_url": null,
      "id": "5def5ec4-7f0e-4509-990f-d52e85e95187",
      "main_tag_id": null,
      "main_tag_name": null,
      "name": null,
      "send_id": 64705,
      "tags": null,
    },
  },
  {
    "created_at": 2024-05-29T14:47:36.000Z,
    "data": {
      "block_num": 25254355n,
      "coin": {
        "coingeckoTokenId": "send-token-2",
        "decimals": 18,
        "formatDecimals": 0,
        "label": "Send",
        "symbol": "SEND",
        "token": "0xEab49138BA2Ea6dd776220fE26b7b8E446638956",
      },
      "f": "0x0000000000000000000000000000000000000000",
      "log_addr": "0xEab49138BA2Ea6dd776220fE26b7b8E446638956",
      "log_idx": 5n,
      "t": "0x649667EfCcf6497290616e7A669024ffEAF75968",
      "tx_hash": "0xc8e94001e225e3d4570c352a3811de04586c1cfabc8b7c9367d477fcf003424d",
      "tx_idx": 0n,
      "v": 10000000000000000000000n,
    },
    "event_name": "send_account_transfers",
    "from_user": null,
    "to_user": {
      "avatar_url": null,
      "id": "5c833c74-5a6c-461d-8612-b4982d7a7b51",
      "main_tag_id": 1,
      "main_tag_name": "asfd",
      "name": null,
      "send_id": 48,
      "tags": [
        "asfd",
      ],
    },
  },
  {
    "created_at": 2025-01-29T14:47:36.000Z,
    "data": {
      "assets": 1000000000000000000n,
      "block_num": 12345n,
      "log_addr": "0x5AFE000000000000000000000000000000000000",
      "log_idx": 0n,
      "owner": "0xB0b0000000000000000000000000000000000000",
      "sender": "0xB0b0000000000000000000000000000000000000",
      "shares": 950000000000000000n,
      "tx_hash": "0x1234567890123456789012345678901234567890123456789012345678901234",
      "tx_idx": 0n,
    },
    "event_name": "send_earn_deposit",
    "from_user": {
      "avatar_url": null,
      "id": "5c833c74-5a6c-461d-8612-b4982d7a7b51",
      "main_tag_id": 1,
      "main_tag_name": "asfd",
      "name": null,
      "send_id": 48,
      "tags": [
        "asfd",
      ],
    },
    "to_user": null,
  },
  {
    "created_at": 2025-02-15T14:47:36.000Z,
    "data": {
      "assets": 5000000000000000000n,
      "block_num": 12345n,
      "log_addr": "0x5AFE000000000000000000000000000000000000",
      "log_idx": 0n,
      "owner": "0xB0b0000000000000000000000000000000000000",
      "receiver": "0xB0b0000000000000000000000000000000000000",
      "sender": "0xB0b0000000000000000000000000000000000000",
      "shares": 475000000000000000n,
      "tx_hash": "0x1234567890123456789012345678901234567890123456789012345678901234",
      "tx_idx": 0n,
    },
    "event_name": "send_earn_withdraw",
    "from_user": null,
    "to_user": {
      "avatar_url": null,
      "id": "5c833c74-5a6c-461d-8612-b4982d7a7b51",
      "main_tag_id": 1,
      "main_tag_name": "asfd",
      "name": null,
      "send_id": 48,
      "tags": [
        "asfd",
      ],
    },
  },
]
`;
