// Jest Snapshot v1, https://goo.gl/fbAQLP

exports[`AccountScreen renders the account screen: AccountScreen 1`] = `
<View
  style={
    {
      "alignItems": "center",
      "flexDirection": "column",
      "gap": 32,
      "paddingBottom": 32,
      "paddingTop": 32,
      "width": "100%",
    }
  }
>
  <View
    style={
      {
        "alignItems": "center",
        "flexDirection": "row",
        "justifyContent": "center",
        "width": "100%",
        "zIndex": 4,
      }
    }
  >
    <View
      style={
        {
          "alignItems": "center",
          "flexDirection": "column",
          "gap": 24,
          "justifyContent": "center",
        }
      }
    >
      <View
        style={
          {
            "alignItems": "center",
            "borderBottomLeftRadius": 7,
            "borderBottomRightRadius": 7,
            "borderTopLeftRadius": 7,
            "borderTopRightRadius": 7,
            "flexDirection": "column",
            "height": 104,
            "justifyContent": "center",
            "maxHeight": 104,
            "maxWidth": 104,
            "minHeight": 104,
            "minWidth": 104,
            "overflow": "hidden",
            "position": "relative",
            "width": 104,
          }
        }
      >
        <View
          style={
            {
              "bottom": 0,
              "flexDirection": "column",
              "left": 0,
              "position": "absolute",
              "right": 0,
              "top": 0,
              "zIndex": 1,
            }
          }
        >
          <Image
            accessibilityLabel=""
            fullscreen={true}
            onError={[Function]}
            onLoad={[Function]}
            source={
              {
                "uri": "https://example.com",
              }
            }
            style={
              {
                "height": 104,
                "width": 104,
              }
            }
          />
        </View>
        <View
          style={
            {
              "alignItems": "center",
              "backgroundColor": "#3E4A3C",
              "bottom": 0,
              "flex": 1,
              "flexDirection": "column",
              "justifyContent": "center",
              "left": 0,
              "position": "absolute",
              "right": 0,
              "top": 0,
              "zIndex": 0,
            }
          }
        >
          <RNSVGSvgView
            align="xMidYMid"
            bbHeight="64"
            bbWidth="64"
            color="#86AE80"
            fill="none"
            focusable={false}
            height={64}
            meetOrSlice={0}
            minX={0}
            minY={0}
            strokeWidth="2"
            style={
              [
                {
                  "backgroundColor": "transparent",
                  "borderWidth": 0,
                },
                {
                  "color": "#86AE80",
                },
                {
                  "flex": 0,
                  "height": 64,
                  "width": 64,
                },
              ]
            }
            tintColor="#86AE80"
            vbHeight={20}
            vbWidth={20}
            width={64}
          >
            <RNSVGGroup
              fill={null}
              propList={
                [
                  "fill",
                  "strokeWidth",
                ]
              }
              strokeWidth="2"
            >
              <RNSVGPath
                d="M9.99967 9.97913C9.08301 9.97913 8.33301 9.68746 7.74967 9.10413C7.16634 8.52079 6.87467 7.77079 6.87467 6.85413C6.87467 5.93746 7.16634 5.18746 7.74967 4.60413C8.33301 4.02079 9.08301 3.72913 9.99967 3.72913C10.9163 3.72913 11.6663 4.02079 12.2497 4.60413C12.833 5.18746 13.1247 5.93746 13.1247 6.85413C13.1247 7.77079 12.833 8.52079 12.2497 9.10413C11.6663 9.68746 10.9163 9.97913 9.99967 9.97913ZM3.33301 16.6666V14.7083C3.33301 14.1805 3.46495 13.7291 3.72884 13.3541C3.99273 12.9791 4.33301 12.6944 4.74967 12.5C5.68023 12.0833 6.57259 11.7708 7.42676 11.5625C8.28092 11.3541 9.13856 11.25 9.99967 11.25C10.8608 11.25 11.715 11.3576 12.5622 11.5729C13.4094 11.7882 14.2977 12.0985 15.2272 12.504C15.6619 12.7002 16.0105 12.9847 16.2728 13.3575C16.5352 13.7302 16.6663 14.1805 16.6663 14.7083V16.6666H3.33301ZM4.58301 15.4166H15.4163V14.7083C15.4163 14.4861 15.3504 14.2743 15.2184 14.0729C15.0865 13.8715 14.9233 13.7222 14.7288 13.625C13.84 13.1944 13.0275 12.8993 12.2913 12.7395C11.5552 12.5798 10.7913 12.5 9.99967 12.5C9.20801 12.5 8.43717 12.5798 7.68717 12.7395C6.93717 12.8993 6.12467 13.1944 5.24967 13.625C5.05523 13.7222 4.89551 13.8715 4.77051 14.0729C4.64551 14.2743 4.58301 14.4861 4.58301 14.7083V15.4166ZM9.99967 8.72913C10.5413 8.72913 10.9893 8.55204 11.3434 8.19788C11.6976 7.84371 11.8747 7.39579 11.8747 6.85413C11.8747 6.31246 11.6976 5.86454 11.3434 5.51038C10.9893 5.15621 10.5413 4.97913 9.99967 4.97913C9.45801 4.97913 9.01009 5.15621 8.65592 5.51038C8.30176 5.86454 8.12467 6.31246 8.12467 6.85413C8.12467 7.39579 8.30176 7.84371 8.65592 8.19788C9.01009 8.55204 9.45801 8.72913 9.99967 8.72913Z"
                fill={
                  {
                    "type": 2,
                  }
                }
                propList={
                  [
                    "fill",
                  ]
                }
              />
            </RNSVGGroup>
          </RNSVGSvgView>
        </View>
      </View>
      <View
        style={
          {
            "alignItems": "center",
            "flexDirection": "column",
            "gap": 7,
          }
        }
      >
        <Text
          selectable={true}
          style={
            {
              "color": "hsla(112, 22%, 100%, 1)",
              "fontFamily": "System",
              "fontSize": 36,
              "fontWeight": "700",
              "lineHeight": 19,
            }
          }
          suppressHighlighting={true}
        >
          No Name
        </Text>
        <Text
          selectable={true}
          style={
            {
              "color": "hsla(112, 22%, 59%, 1)",
              "fontFamily": "System",
              "fontSize": 16.8,
              "fontWeight": "400",
              "lineHeight": 19,
              "opacity": 0.6,
            }
          }
          suppressHighlighting={true}
        >
          @
          test
        </Text>
      </View>
    </View>
    <View
      style={
        {
          "display": "none",
          "flexDirection": "row",
          "gap": 24,
        }
      }
    />
  </View>
  <View
    style={
      {
        "borderBottomColor": "hsla(191, 32%, 24%, 1)",
        "borderBottomWidth": 1,
        "borderLeftColor": "hsla(191, 32%, 24%, 1)",
        "borderLeftWidth": 0,
        "borderRightColor": "hsla(191, 32%, 24%, 1)",
        "borderRightWidth": 0,
        "borderStyle": "solid",
        "borderTopColor": "hsla(191, 32%, 24%, 1)",
        "borderTopWidth": 0,
        "flex": 1,
        "flexShrink": 0,
        "height": 0,
        "maxHeight": 0,
        "transform": [
          {
            "translateY": -0.5,
          },
        ],
        "width": "100%",
      }
    }
  />
  <View
    style={
      {
        "display": "none",
        "flexDirection": "row",
        "justifyContent": "center",
        "width": "100%",
      }
    }
  >
    <View
      style={
        {
          "flexDirection": "column",
          "gap": 24,
          "width": 144,
        }
      }
    >
      <Text
        selectable={true}
        style={
          {
            "color": "hsla(112, 22%, 59%, 1)",
            "fontFamily": "System",
            "fontSize": 19.2,
            "fontWeight": "500",
            "lineHeight": 19,
          }
        }
        suppressHighlighting={true}
      >
        Send ID
      </Text>
      <Text
        selectable={true}
        style={
          {
            "color": "hsla(112, 22%, 59%, 1)",
            "fontFamily": "System",
            "fontSize": 19.2,
            "fontWeight": "500",
            "lineHeight": 19,
          }
        }
        suppressHighlighting={true}
      >
        Sendtags
      </Text>
      <Text
        selectable={true}
        style={
          {
            "color": "hsla(112, 22%, 59%, 1)",
            "fontFamily": "System",
            "fontSize": 19.2,
            "fontWeight": "500",
            "lineHeight": 19,
          }
        }
        suppressHighlighting={true}
      >
        Referral Code
      </Text>
    </View>
    <View
      style={
        {
          "flexDirection": "column",
          "gap": 24,
        }
      }
    >
      <Text
        selectable={true}
        style={
          {
            "color": "hsla(112, 22%, 100%, 1)",
            "fontFamily": "System",
            "fontSize": 19.2,
            "fontWeight": "700",
            "lineHeight": 19,
          }
        }
        suppressHighlighting={true}
      >
        No send id
      </Text>
      <Text
        selectable={true}
        style={
          {
            "color": "hsla(112, 22%, 100%, 1)",
            "fontFamily": "System",
            "fontSize": 19.2,
            "fontWeight": "700",
            "lineHeight": 19,
          }
        }
        suppressHighlighting={true}
      >
         @test
      </Text>
      <Text
        selectable={true}
        style={
          {
            "color": "hsla(112, 22%, 100%, 1)",
            "fontFamily": "System",
            "fontSize": 19.2,
            "fontWeight": "700",
            "lineHeight": 19,
          }
        }
        suppressHighlighting={true}
      >
        <View
          accessibilityLabel="Share"
          accessibilityRole="button"
          cancelable={true}
          disabled={false}
          focusable={[Function]}
          minPressDuration={0}
          onMouseEnter={[Function]}
          onMouseLeave={[Function]}
          onPress={[Function]}
          onPressIn={[Function]}
          onPressOut={[Function]}
          style={
            {
              "color": "hsla(112, 22%, 100%, 1)",
              "flex": 1,
              "flexDirection": "row",
            }
          }
        >
          <Text
            lineBreakMode="clip"
            numberOfLines={1}
            style={
              {
                "color": "hsla(112, 22%, 100%, 1)",
                "flexGrow": 0,
                "flexShrink": 1,
                "fontFamily": "System",
                "fontSize": 16.8,
                "fontWeight": "400",
                "lineHeight": 19,
              }
            }
            suppressHighlighting={true}
            userSelect="none"
          />
          <View
            pointerEvents="none"
            style={
              {
                "height": 0,
                "minHeight": 0,
                "minWidth": 11.088000000000001,
                "width": 11.088000000000001,
              }
            }
          />
          <RNSVGSvgView
            align="xMidYMid"
            bbHeight="20"
            bbWidth="20"
            color="hsla(125, 96%, 40%, 1)"
            fill="none"
            focusable={false}
            height={20}
            meetOrSlice={0}
            minX={0}
            minY={0}
            strokeWidth="2"
            style={
              [
                {
                  "backgroundColor": "transparent",
                  "borderWidth": 0,
                },
                {
                  "color": "hsla(125, 96%, 40%, 1)",
                },
                {
                  "flex": 0,
                  "height": 20,
                  "width": 20,
                },
              ]
            }
            tintColor="hsla(125, 96%, 40%, 1)"
            vbHeight={24}
            vbWidth={24}
            width={20}
          >
            <RNSVGGroup
              fill={null}
              propList={
                [
                  "fill",
                  "strokeWidth",
                ]
              }
              strokeWidth="2"
            >
              <RNSVGPath
                d="M4.19995 10.8V18.48C4.19995 18.9892 4.40224 19.4776 4.76231 19.8376C5.12238 20.1977 5.61074 20.4 6.11995 20.4H17.64C18.1492 20.4 18.6375 20.1977 18.9976 19.8376C19.3577 19.4776 19.56 18.9892 19.56 18.48V10.8M15.72 7.43998L11.88 3.59998M11.88 3.59998L8.03995 7.43998M11.88 3.59998V13.68"
                fill={
                  {
                    "payload": 4278190080,
                    "type": 0,
                  }
                }
                propList={
                  [
                    "stroke",
                    "strokeWidth",
                    "strokeLinecap",
                    "strokeLinejoin",
                  ]
                }
                stroke={
                  {
                    "type": 2,
                  }
                }
                strokeLinecap={1}
                strokeLinejoin={1}
                strokeWidth="2"
              />
            </RNSVGGroup>
          </RNSVGSvgView>
        </View>
      </Text>
    </View>
  </View>
  <View
    style={
      {
        "flexDirection": "column",
        "gap": 32,
        "width": "100%",
      }
    }
  >
    <View
      style={
        {
          "flexDirection": "column",
          "gap": 7,
        }
      }
    >
      <Text
        selectable={true}
        style={
          {
            "color": "hsla(112, 22%, 59%, 1)",
            "fontFamily": "System",
            "fontSize": 19.2,
            "fontWeight": "500",
            "lineHeight": 19,
          }
        }
        suppressHighlighting={true}
      >
        Send ID
      </Text>
      <Text
        selectable={true}
        style={
          {
            "color": "hsla(112, 22%, 100%, 1)",
            "fontFamily": "System",
            "fontSize": 19.2,
            "fontWeight": "500",
            "lineHeight": 19,
          }
        }
        suppressHighlighting={true}
      >
        No send id
      </Text>
    </View>
    <View
      style={
        {
          "flexDirection": "column",
          "gap": 7,
        }
      }
    >
      <Text
        selectable={true}
        style={
          {
            "color": "hsla(112, 22%, 59%, 1)",
            "fontFamily": "System",
            "fontSize": 19.2,
            "fontWeight": "500",
            "lineHeight": 19,
          }
        }
        suppressHighlighting={true}
      >
        Sendtags
      </Text>
      <Text
        selectable={true}
        style={
          {
            "color": "hsla(112, 22%, 100%, 1)",
            "fontFamily": "System",
            "fontSize": 19.2,
            "fontWeight": "500",
            "lineHeight": 19,
          }
        }
        suppressHighlighting={true}
      >
         @test
      </Text>
    </View>
    <View
      style={
        {
          "flexDirection": "column",
          "gap": 7,
        }
      }
    >
      <Text
        selectable={true}
        style={
          {
            "color": "hsla(112, 22%, 59%, 1)",
            "fontFamily": "System",
            "fontSize": 19.2,
            "fontWeight": "500",
            "lineHeight": 19,
          }
        }
        suppressHighlighting={true}
      >
        Referral Code
      </Text>
      <Text
        selectable={true}
        style={
          {
            "color": "hsla(112, 22%, 100%, 1)",
            "fontFamily": "System",
            "fontSize": 19.2,
            "fontWeight": "500",
            "lineHeight": 19,
          }
        }
        suppressHighlighting={true}
      >
        <View
          accessibilityLabel="Share"
          accessibilityRole="button"
          cancelable={true}
          disabled={false}
          focusable={[Function]}
          minPressDuration={0}
          onMouseEnter={[Function]}
          onMouseLeave={[Function]}
          onPress={[Function]}
          onPressIn={[Function]}
          onPressOut={[Function]}
          style={
            {
              "color": "hsla(112, 22%, 100%, 1)",
              "flex": 1,
              "flexDirection": "row",
            }
          }
        >
          <Text
            lineBreakMode="clip"
            numberOfLines={1}
            style={
              {
                "color": "hsla(112, 22%, 100%, 1)",
                "flexGrow": 0,
                "flexShrink": 1,
                "fontFamily": "System",
                "fontSize": 16.8,
                "fontWeight": "400",
                "lineHeight": 19,
              }
            }
            suppressHighlighting={true}
            userSelect="none"
          />
          <View
            pointerEvents="none"
            style={
              {
                "height": 0,
                "minHeight": 0,
                "minWidth": 11.088000000000001,
                "width": 11.088000000000001,
              }
            }
          />
          <RNSVGSvgView
            align="xMidYMid"
            bbHeight="20"
            bbWidth="20"
            color="hsla(125, 96%, 40%, 1)"
            fill="none"
            focusable={false}
            height={20}
            meetOrSlice={0}
            minX={0}
            minY={0}
            strokeWidth="2"
            style={
              [
                {
                  "backgroundColor": "transparent",
                  "borderWidth": 0,
                },
                {
                  "color": "hsla(125, 96%, 40%, 1)",
                },
                {
                  "flex": 0,
                  "height": 20,
                  "width": 20,
                },
              ]
            }
            tintColor="hsla(125, 96%, 40%, 1)"
            vbHeight={24}
            vbWidth={24}
            width={20}
          >
            <RNSVGGroup
              fill={null}
              propList={
                [
                  "fill",
                  "strokeWidth",
                ]
              }
              strokeWidth="2"
            >
              <RNSVGPath
                d="M4.19995 10.8V18.48C4.19995 18.9892 4.40224 19.4776 4.76231 19.8376C5.12238 20.1977 5.61074 20.4 6.11995 20.4H17.64C18.1492 20.4 18.6375 20.1977 18.9976 19.8376C19.3577 19.4776 19.56 18.9892 19.56 18.48V10.8M15.72 7.43998L11.88 3.59998M11.88 3.59998L8.03995 7.43998M11.88 3.59998V13.68"
                fill={
                  {
                    "payload": 4278190080,
                    "type": 0,
                  }
                }
                propList={
                  [
                    "stroke",
                    "strokeWidth",
                    "strokeLinecap",
                    "strokeLinejoin",
                  ]
                }
                stroke={
                  {
                    "type": 2,
                  }
                }
                strokeLinecap={1}
                strokeLinejoin={1}
                strokeWidth="2"
              />
            </RNSVGGroup>
          </RNSVGSvgView>
        </View>
      </Text>
    </View>
  </View>
  <View
    style={
      {
        "borderBottomColor": "hsla(191, 32%, 24%, 1)",
        "borderBottomWidth": 1,
        "borderLeftColor": "hsla(191, 32%, 24%, 1)",
        "borderLeftWidth": 0,
        "borderRightColor": "hsla(191, 32%, 24%, 1)",
        "borderRightWidth": 0,
        "borderStyle": "solid",
        "borderTopColor": "hsla(191, 32%, 24%, 1)",
        "borderTopWidth": 0,
        "flex": 1,
        "flexShrink": 0,
        "height": 0,
        "maxHeight": 0,
        "transform": [
          {
            "translateY": -0.5,
          },
        ],
        "width": "100%",
      }
    }
  />
  <View
    style={
      {
        "flex": 1,
        "flexDirection": "column",
        "gap": 24,
        "width": "100%",
      }
    }
  >
    <View
      style={
        {
          "display": "flex",
          "flex": 1,
          "flexDirection": "row",
          "gap": 24,
          "justifyContent": "center",
        }
      }
    />
  </View>
</View>
`;
