// Jest Snapshot v1, https://goo.gl/fbAQLP

exports[`DepositScreen renders the deposit screen 1`] = `
<View
  style={
    {
      "flexDirection": "column",
      "gap": 24,
      "justifyContent": "space-between",
      "width": "100%",
    }
  }
>
  <View
    style={
      {
        "flexDirection": "column",
        "gap": 7,
      }
    }
  >
    <Text
      style={
        {
          "color": "#FFFFFF",
          "fontFamily": "System",
          "fontSize": 36,
          "fontWeight": 500,
          "lineHeight": 35,
          "userSelect": "auto",
        }
      }
      suppressHighlighting={true}
    >
      Deposit Funds
    </Text>
    <Text
      style={
        {
          "color": "#B3B3B3",
          "fontFamily": "System",
          "fontSize": 19.2,
          "fontWeight": "400",
          "lineHeight": 19,
          "userSelect": "auto",
        }
      }
      suppressHighlighting={true}
    >
      Select a deposit method
    </Text>
  </View>
  <View
    style={
      {
        "flexDirection": "column",
        "gap": 16,
        "width": "100%",
      }
    }
  >
    <View
      href="/deposit/crypto"
      testID="MockSolitoLink"
    >
      <View
        collapsable={false}
        forwardedRef={[Function]}
        jestAnimatedStyle={
          {
            "value": {
              "opacity": 0,
              "transform": [
                {
                  "scale": 0.9,
                },
              ],
            },
          }
        }
        style={
          {
            "opacity": 0,
            "transform": [
              {
                "scale": 0.9,
              },
            ],
          }
        }
      >
        <View
          style={
            {
              "backgroundColor": "#111f22",
              "borderBottomLeftRadius": 10,
              "borderBottomRightRadius": 10,
              "borderTopLeftRadius": 10,
              "borderTopRightRadius": 10,
              "flexDirection": "column",
              "gap": 16,
              "paddingBottom": 24,
              "paddingLeft": 24,
              "paddingRight": 24,
              "paddingTop": 24,
              "position": "relative",
              "width": "100%",
            }
          }
        >
          <View
            style={
              {
                "alignItems": "center",
                "flexDirection": "row",
                "justifyContent": "space-between",
              }
            }
          >
            <View
              style={
                {
                  "alignItems": "center",
                  "flex": 1,
                  "flexDirection": "row",
                  "gap": 24,
                }
              }
            >
              <RNSVGSvgView
                align="xMidYMid"
                bbHeight={28}
                bbWidth={28}
                color="#40FB50"
                focusable={false}
                height={28}
                meetOrSlice={0}
                minX={0}
                minY={0}
                strokeWidth="2"
                style={
                  [
                    {
                      "backgroundColor": "transparent",
                      "borderWidth": 0,
                    },
                    {
                      "color": "#40FB50",
                      "flexShrink": 0,
                    },
                    {
                      "flex": 0,
                      "height": 28,
                      "width": 28,
                    },
                  ]
                }
                tintColor="#40FB50"
                vbHeight={24}
                vbWidth={24}
                width={28}
              >
                <RNSVGGroup
                  fill={
                    {
                      "payload": 4278190080,
                      "type": 0,
                    }
                  }
                  propList={
                    [
                      "strokeWidth",
                    ]
                  }
                  strokeWidth="2"
                >
                  <RNSVGPath
                    d="M2 20V4H22V20H2ZM4 8H20V6H4V8ZM15.775 14.075L20 10.525V10H4V11.225L15.775 14.075Z"
                    fill={
                      {
                        "type": 2,
                      }
                    }
                    propList={
                      [
                        "fill",
                      ]
                    }
                  />
                </RNSVGGroup>
              </RNSVGSvgView>
              <View
                style={
                  {
                    "flex": 1,
                    "flexDirection": "column",
                    "gap": 7,
                  }
                }
              >
                <Text
                  style={
                    {
                      "color": "#FFFFFF",
                      "fontFamily": "System",
                      "fontSize": 21.599999999999998,
                      "fontWeight": 500,
                      "lineHeight": 19,
                      "userSelect": "auto",
                    }
                  }
                  suppressHighlighting={true}
                >
                  Crypto Wallet
                </Text>
                <Text
                  style={
                    {
                      "color": "#B3B3B3",
                      "fontFamily": "System",
                      "fontSize": 19.2,
                      "fontWeight": "400",
                      "lineHeight": 19,
                      "userSelect": "auto",
                      "width": "100%",
                    }
                  }
                  suppressHighlighting={true}
                >
                  Deposit from an external wallet
                </Text>
              </View>
            </View>
            <RNSVGSvgView
              align="xMidYMid"
              bbHeight={20}
              bbWidth={20}
              fill="none"
              focusable={false}
              height={20}
              meetOrSlice={0}
              minX={0}
              minY={0}
              stroke="#B3B3B3"
              strokeLinecap="round"
              strokeLinejoin="round"
              strokeWidth="2"
              style={
                [
                  {
                    "backgroundColor": "transparent",
                    "borderWidth": 0,
                  },
                  {
                    "color": "#B3B3B3",
                  },
                  {
                    "flex": 0,
                    "height": 20,
                    "width": 20,
                  },
                ]
              }
              tintColor="#B3B3B3"
              vbHeight={24}
              vbWidth={24}
              width={20}
            >
              <RNSVGGroup
                fill={null}
                propList={
                  [
                    "fill",
                    "stroke",
                    "strokeWidth",
                    "strokeLinecap",
                    "strokeLinejoin",
                  ]
                }
                stroke={
                  {
                    "payload": 4289967027,
                    "type": 0,
                  }
                }
                strokeLinecap={1}
                strokeLinejoin={1}
                strokeWidth="2"
              >
                <RNSVGPath
                  d="m9 18 6-6-6-6"
                  fill={
                    {
                      "payload": 4278190080,
                      "type": 0,
                    }
                  }
                  propList={
                    [
                      "stroke",
                    ]
                  }
                  stroke={
                    {
                      "payload": 4289967027,
                      "type": 0,
                    }
                  }
                />
              </RNSVGGroup>
            </RNSVGSvgView>
          </View>
        </View>
      </View>
    </View>
    <View
      href="/deposit/apple-pay"
      testID="MockSolitoLink"
    >
      <View
        collapsable={false}
        forwardedRef={[Function]}
        jestAnimatedStyle={
          {
            "value": {
              "opacity": 0,
              "transform": [
                {
                  "scale": 0.9,
                },
              ],
            },
          }
        }
        style={
          {
            "opacity": 0,
            "transform": [
              {
                "scale": 0.9,
              },
            ],
          }
        }
      >
        <View
          style={
            {
              "backgroundColor": "#111f22",
              "borderBottomLeftRadius": 10,
              "borderBottomRightRadius": 10,
              "borderTopLeftRadius": 10,
              "borderTopRightRadius": 10,
              "flexDirection": "column",
              "gap": 16,
              "paddingBottom": 24,
              "paddingLeft": 24,
              "paddingRight": 24,
              "paddingTop": 24,
              "position": "relative",
              "width": "100%",
            }
          }
        >
          <View
            style={
              {
                "alignItems": "center",
                "flexDirection": "row",
                "justifyContent": "space-between",
              }
            }
          >
            <View
              style={
                {
                  "alignItems": "center",
                  "flex": 1,
                  "flexDirection": "row",
                  "gap": 24,
                }
              }
            >
              <RNSVGSvgView
                align="xMidYMid"
                bbHeight={28}
                bbWidth={28}
                color="#40FB50"
                focusable={false}
                height={28}
                meetOrSlice={0}
                minX={0}
                minY={0}
                strokeWidth="2"
                style={
                  [
                    {
                      "backgroundColor": "transparent",
                      "borderWidth": 0,
                    },
                    {
                      "color": "#40FB50",
                      "flexShrink": 0,
                    },
                    {
                      "flex": 0,
                      "height": 28,
                      "width": 28,
                    },
                  ]
                }
                tintColor="#40FB50"
                vbHeight={24}
                vbWidth={24}
                width={28}
              >
                <RNSVGGroup
                  fill={
                    {
                      "payload": 4278190080,
                      "type": 0,
                    }
                  }
                  propList={
                    [
                      "strokeWidth",
                    ]
                  }
                  strokeWidth="2"
                >
                  <RNSVGPath
                    d="M18.1726 22.1173C16.975 23.2783 15.6674 23.095 14.4086 22.5451C13.0766 21.9829 11.8545 21.9585 10.4491 22.5451C8.68937 23.3027 7.7606 23.0828 6.70962 22.1173C0.745927 15.9703 1.62582 6.60929 8.39607 6.26711C10.0459 6.35266 11.1946 7.17144 12.16 7.24477C13.6021 6.95147 14.983 6.10824 16.5228 6.21823C18.3681 6.36488 19.7613 7.09812 20.6779 8.41795C16.865 10.7032 17.7693 15.7259 21.2644 17.1313C20.5679 18.9644 19.6635 20.7853 18.1604 22.1296L18.1726 22.1173ZM12.0378 6.19379C11.8545 3.46858 14.0665 1.21997 16.6084 1C16.9628 4.15294 13.7487 6.49931 12.0378 6.19379Z"
                    fill={
                      {
                        "type": 2,
                      }
                    }
                    propList={
                      [
                        "fill",
                      ]
                    }
                  />
                </RNSVGGroup>
              </RNSVGSvgView>
              <View
                style={
                  {
                    "flex": 1,
                    "flexDirection": "column",
                    "gap": 7,
                  }
                }
              >
                <Text
                  style={
                    {
                      "color": "#FFFFFF",
                      "fontFamily": "System",
                      "fontSize": 21.599999999999998,
                      "fontWeight": 500,
                      "lineHeight": 19,
                      "userSelect": "auto",
                    }
                  }
                  suppressHighlighting={true}
                >
                  Apple Pay
                </Text>
                <Text
                  style={
                    {
                      "color": "#B3B3B3",
                      "fontFamily": "System",
                      "fontSize": 19.2,
                      "fontWeight": "400",
                      "lineHeight": 19,
                      "userSelect": "auto",
                      "width": "100%",
                    }
                  }
                  suppressHighlighting={true}
                >
                  Debit card only
                </Text>
              </View>
            </View>
            <RNSVGSvgView
              align="xMidYMid"
              bbHeight={20}
              bbWidth={20}
              fill="none"
              focusable={false}
              height={20}
              meetOrSlice={0}
              minX={0}
              minY={0}
              stroke="#B3B3B3"
              strokeLinecap="round"
              strokeLinejoin="round"
              strokeWidth="2"
              style={
                [
                  {
                    "backgroundColor": "transparent",
                    "borderWidth": 0,
                  },
                  {
                    "color": "#B3B3B3",
                  },
                  {
                    "flex": 0,
                    "height": 20,
                    "width": 20,
                  },
                ]
              }
              tintColor="#B3B3B3"
              vbHeight={24}
              vbWidth={24}
              width={20}
            >
              <RNSVGGroup
                fill={null}
                propList={
                  [
                    "fill",
                    "stroke",
                    "strokeWidth",
                    "strokeLinecap",
                    "strokeLinejoin",
                  ]
                }
                stroke={
                  {
                    "payload": 4289967027,
                    "type": 0,
                  }
                }
                strokeLinecap={1}
                strokeLinejoin={1}
                strokeWidth="2"
              >
                <RNSVGPath
                  d="m9 18 6-6-6-6"
                  fill={
                    {
                      "payload": 4278190080,
                      "type": 0,
                    }
                  }
                  propList={
                    [
                      "stroke",
                    ]
                  }
                  stroke={
                    {
                      "payload": 4289967027,
                      "type": 0,
                    }
                  }
                />
              </RNSVGGroup>
            </RNSVGSvgView>
          </View>
        </View>
      </View>
    </View>
    <View
      href="/deposit/debit-card"
      testID="MockSolitoLink"
    >
      <View
        collapsable={false}
        forwardedRef={[Function]}
        jestAnimatedStyle={
          {
            "value": {
              "opacity": 0,
              "transform": [
                {
                  "scale": 0.9,
                },
              ],
            },
          }
        }
        style={
          {
            "opacity": 0,
            "transform": [
              {
                "scale": 0.9,
              },
            ],
          }
        }
      >
        <View
          style={
            {
              "backgroundColor": "#111f22",
              "borderBottomLeftRadius": 10,
              "borderBottomRightRadius": 10,
              "borderTopLeftRadius": 10,
              "borderTopRightRadius": 10,
              "flexDirection": "column",
              "gap": 16,
              "paddingBottom": 24,
              "paddingLeft": 24,
              "paddingRight": 24,
              "paddingTop": 24,
              "position": "relative",
              "width": "100%",
            }
          }
        >
          <View
            style={
              {
                "alignItems": "center",
                "flexDirection": "row",
                "justifyContent": "space-between",
              }
            }
          >
            <View
              style={
                {
                  "alignItems": "center",
                  "flex": 1,
                  "flexDirection": "row",
                  "gap": 24,
                }
              }
            >
              <RNSVGSvgView
                align="xMidYMid"
                bbHeight={28}
                bbWidth={28}
                color="#40FB50"
                focusable={false}
                height={28}
                meetOrSlice={0}
                minX={0}
                minY={0}
                strokeWidth="2"
                style={
                  [
                    {
                      "backgroundColor": "transparent",
                      "borderWidth": 0,
                    },
                    {
                      "color": "#40FB50",
                      "flexShrink": 0,
                    },
                    {
                      "flex": 0,
                      "height": 28,
                      "width": 28,
                    },
                  ]
                }
                tintColor="#40FB50"
                vbHeight={24}
                vbWidth={24}
                width={28}
              >
                <RNSVGGroup
                  fill={
                    {
                      "payload": 4278190080,
                      "type": 0,
                    }
                  }
                  propList={
                    [
                      "strokeWidth",
                    ]
                  }
                  strokeWidth="2"
                >
                  <RNSVGPath
                    d="M2 20V4H22V20H2ZM4 8H20V6H4V8ZM4 18H20V12H4V18Z"
                    fill={
                      {
                        "type": 2,
                      }
                    }
                    propList={
                      [
                        "fill",
                      ]
                    }
                  />
                </RNSVGGroup>
              </RNSVGSvgView>
              <View
                style={
                  {
                    "flex": 1,
                    "flexDirection": "column",
                    "gap": 7,
                  }
                }
              >
                <Text
                  style={
                    {
                      "color": "#FFFFFF",
                      "fontFamily": "System",
                      "fontSize": 21.599999999999998,
                      "fontWeight": 500,
                      "lineHeight": 19,
                      "userSelect": "auto",
                    }
                  }
                  suppressHighlighting={true}
                >
                  Debit Card
                </Text>
                <Text
                  style={
                    {
                      "color": "#B3B3B3",
                      "fontFamily": "System",
                      "fontSize": 19.2,
                      "fontWeight": "400",
                      "lineHeight": 19,
                      "userSelect": "auto",
                      "width": "100%",
                    }
                  }
                  suppressHighlighting={true}
                >
                  Quick deposits up to $500/week
                </Text>
              </View>
            </View>
            <RNSVGSvgView
              align="xMidYMid"
              bbHeight={20}
              bbWidth={20}
              fill="none"
              focusable={false}
              height={20}
              meetOrSlice={0}
              minX={0}
              minY={0}
              stroke="#B3B3B3"
              strokeLinecap="round"
              strokeLinejoin="round"
              strokeWidth="2"
              style={
                [
                  {
                    "backgroundColor": "transparent",
                    "borderWidth": 0,
                  },
                  {
                    "color": "#B3B3B3",
                  },
                  {
                    "flex": 0,
                    "height": 20,
                    "width": 20,
                  },
                ]
              }
              tintColor="#B3B3B3"
              vbHeight={24}
              vbWidth={24}
              width={20}
            >
              <RNSVGGroup
                fill={null}
                propList={
                  [
                    "fill",
                    "stroke",
                    "strokeWidth",
                    "strokeLinecap",
                    "strokeLinejoin",
                  ]
                }
                stroke={
                  {
                    "payload": 4289967027,
                    "type": 0,
                  }
                }
                strokeLinecap={1}
                strokeLinejoin={1}
                strokeWidth="2"
              >
                <RNSVGPath
                  d="m9 18 6-6-6-6"
                  fill={
                    {
                      "payload": 4278190080,
                      "type": 0,
                    }
                  }
                  propList={
                    [
                      "stroke",
                    ]
                  }
                  stroke={
                    {
                      "payload": 4289967027,
                      "type": 0,
                    }
                  }
                />
              </RNSVGGroup>
            </RNSVGSvgView>
          </View>
        </View>
      </View>
    </View>
  </View>
</View>
`;
