// Jest Snapshot v1, https://goo.gl/fbAQLP

exports[`AffiliateScreen 1`] = `
<View
  style={
    {
      "flexDirection": "column",
      "gap": 18,
      "paddingBottom": 32,
      "width": "100%",
    }
  }
>
  <View
    style={
      {
        "alignItems": "center",
        "flexDirection": "row",
        "gap": 32,
        "justifyContent": "flex-end",
        "width": "100%",
      }
    }
  >
    <View
      cancelable={true}
      disabled={false}
      focusVisibleStyle={{}}
      focusable={[Function]}
      minPressDuration={0}
      onBlur={[Function]}
      onFocus={[Function]}
      onMouseEnter={[Function]}
      onMouseLeave={[Function]}
      onPress={[Function]}
      onPressIn={[Function]}
      onPressOut={[Function]}
      role="button"
      style={
        {
          "alignItems": "center",
          "backgroundColor": "#081619",
          "borderBottomColor": "transparent",
          "borderBottomLeftRadius": 16,
          "borderBottomRightRadius": 16,
          "borderBottomWidth": 1,
          "borderLeftColor": "transparent",
          "borderLeftWidth": 1,
          "borderRightColor": "transparent",
          "borderRightWidth": 1,
          "borderStyle": "solid",
          "borderTopColor": "transparent",
          "borderTopLeftRadius": 16,
          "borderTopRightRadius": 16,
          "borderTopWidth": 1,
          "display": "flex",
          "flexDirection": "row",
          "flexWrap": "nowrap",
          "fontWeight": "bold",
          "height": 44,
          "justifyContent": "center",
          "paddingLeft": 18,
          "paddingRight": 18,
        }
      }
    >
      <Text
        lineBreakMode="clip"
        numberOfLines={1}
        style={
          {
            "color": "#FFFFFF",
            "flexGrow": 0,
            "flexShrink": 1,
            "fontFamily": "System",
            "fontSize": 16.8,
            "fontWeight": "bold",
            "lineHeight": 19,
            "userSelect": "none",
          }
        }
        suppressHighlighting={true}
      >
        Leaderboard
      </Text>
    </View>
  </View>
  <View
    style={
      {
        "alignItems": "flex-start",
        "flexDirection": "column",
        "flexWrap": "wrap",
        "gap": 13,
        "marginBottom": 18,
        "width": "100%",
      }
    }
  >
    <View
      style={
        {
          "backgroundColor": "#111f22",
          "borderBottomLeftRadius": 16,
          "borderBottomRightRadius": 16,
          "borderTopLeftRadius": 16,
          "borderTopRightRadius": 16,
          "flexDirection": "column",
          "minHeight": 152,
          "position": "relative",
          "width": "100%",
        }
      }
    >
      <View
        style={
          {
            "backgroundColor": "transparent",
            "flexDirection": "column",
            "marginBottom": "auto",
            "paddingBottom": 18,
            "paddingLeft": 18,
            "paddingRight": 18,
            "paddingTop": 18,
            "zIndex": 10,
          }
        }
      >
        <Text
          cancelable={true}
          disabled={false}
          focusable={true}
          id=":r0:"
          minPressDuration={0}
          onBlur={[Function]}
          onFocus={[Function]}
          onMouseEnter={[Function]}
          onMouseLeave={[Function]}
          onPress={[Function]}
          onPressIn={[Function]}
          onPressOut={[Function]}
          style={
            {
              "alignItems": "center",
              "backgroundColor": "transparent",
              "color": "#B2B2B2",
              "display": "flex",
              "fontFamily": "System",
              "fontSize": 16.8,
              "fontWeight": "400",
              "lineHeight": 44,
              "userSelect": "none",
            }
          }
          suppressHighlighting={true}
        >
          Total Referrals
        </Text>
      </View>
      <Text
        style={
          {
            "color": "#FFFFFF",
            "fontFamily": "System",
            "fontSize": 74.39999999999999,
            "fontWeight": "600",
            "lineHeight": 60,
            "paddingBottom": 13,
            "paddingLeft": 18,
            "userSelect": "auto",
          }
        }
        suppressHighlighting={true}
      >
        0
      </Text>
    </View>
  </View>
  <View
    style={
      {
        "flexDirection": "column",
      }
    }
  >
    <View
      style={
        {
          "alignItems": "center",
          "flexDirection": "row",
          "gap": 13,
        }
      }
    >
      <Text
        accessibilityRole="header"
        style={
          {
            "color": "#FFFFFF",
            "fontFamily": "System",
            "fontSize": 23,
            "fontWeight": "normal",
            "lineHeight": 27,
            "marginBottom": 0,
            "marginLeft": 0,
            "marginRight": 0,
            "marginTop": 0,
            "textTransform": "none",
            "userSelect": "auto",
          }
        }
        suppressHighlighting={true}
      >
        No Referrals
      </Text>
    </View>
  </View>
</View>
`;
