// Jest Snapshot v1, https://goo.gl/fbAQLP

exports[`EarnTokensScreen renders: EarnTokensScreen 1`] = `
<View
  style={
    {
      "flex": 1,
      "flexDirection": "column",
      "gap": 32,
      "height": "95%",
      "justifyContent": "space-between",
      "marginBottom": "auto",
      "marginTop": "auto",
      "paddingBottom": 7,
    }
  }
>
  <View
    style={
      {
        "flex": 2,
        "flexDirection": "column",
        "gap": 18,
        "overflow": "hidden",
      }
    }
  >
    <View
      style={
        {
          "flex": 1,
          "flexDirection": "column",
          "gap": 24,
          "paddingTop": 32,
        }
      }
    >
      <View
        style={
          {
            "gap": 7,
          }
        }
      >
        <Text
          cancelable={true}
          disabled={false}
          focusable={true}
          id=":r0:"
          minPressDuration={0}
          onBlur={[Function]}
          onFocus={[Function]}
          onMouseEnter={[Function]}
          onMouseLeave={[Function]}
          onPress={[Function]}
          onPressIn={[Function]}
          onPressOut={[Function]}
          style={
            {
              "alignItems": "center",
              "backgroundColor": "transparent",
              "color": "hsla(0, 0%, 100%, 1)",
              "display": "flex",
              "fontFamily": "System",
              "fontSize": 19.2,
              "fontWeight": "400",
              "lineHeight": 19,
            }
          }
          suppressHighlighting={true}
          userSelect="none"
        >
          ROUND
        </Text>
        <View
          style={
            {
              "alignItems": "center",
              "flexDirection": "row",
              "justifyContent": "space-around",
              "marginTop": "auto",
              "width": "100%",
            }
          }
        >
          <View>
            <Text
              accessibilityRole="header"
              selectable={true}
              style={
                {
                  "color": "hsla(0, 0%, 100%, 1)",
                  "fontFamily": "System",
                  "fontSize": 54,
                  "fontWeight": "300",
                  "lineHeight": 51,
                  "marginBottom": 0,
                  "marginLeft": 0,
                  "marginRight": 0,
                  "marginTop": 0,
                }
              }
              suppressHighlighting={true}
            >
              #
              1
            </Text>
          </View>
          <View
            style={
              {
                "alignItems": "stretch",
                "borderBottomColor": "#3E4A3C",
                "borderLeftColor": "#3E4A3C",
                "borderRightColor": "#3E4A3C",
                "borderRightWidth": 1,
                "borderStyle": "solid",
                "borderTopColor": "#3E4A3C",
                "height": "100%",
                "marginLeft": 18,
                "marginRight": 18,
                "width": 0,
              }
            }
          />
          <View
            style={
              {
                "flex": 1,
                "flexDirection": "column",
                "gap": 18,
                "justifyContent": "space-between",
              }
            }
          >
            <View
              style={
                {
                  "flex": 1,
                  "flexDirection": "column",
                  "gap": 7,
                  "justifyContent": "center",
                  "maxWidth": 312,
                }
              }
            >
              <Text
                selectable={true}
                style={
                  {
                    "color": "hsla(0, 0%, 100%, 1)",
                    "fontFamily": "System",
                    "fontSize": 19.2,
                    "fontWeight": "400",
                    "lineHeight": 19,
                  }
                }
                suppressHighlighting={true}
              >
                Expired Jul 12, 2024
              </Text>
            </View>
            <View
              style={
                {
                  "flexDirection": "column",
                }
              }
            >
              <Text
                cancelable={true}
                disabled={false}
                focusable={true}
                id=":r1:"
                minPressDuration={0}
                onBlur={[Function]}
                onFocus={[Function]}
                onMouseEnter={[Function]}
                onMouseLeave={[Function]}
                onPress={[Function]}
                onPressIn={[Function]}
                onPressOut={[Function]}
                style={
                  {
                    "alignItems": "center",
                    "backgroundColor": "transparent",
                    "color": "hsla(0, 0%, 100%, 1)",
                    "display": "flex",
                    "fontFamily": "System",
                    "fontSize": 16.8,
                    "fontWeight": "400",
                    "lineHeight": 19,
                  }
                }
                suppressHighlighting={true}
                userSelect="none"
              >
                Status
              </Text>
              <Text
                accessibilityRole="header"
                selectable={true}
                style={
                  {
                    "color": "hsla(0, 0%, 100%, 1)",
                    "fontFamily": "System",
                    "fontSize": 16,
                    "fontWeight": "500",
                    "lineHeight": 27,
                    "marginBottom": 0,
                    "marginLeft": 0,
                    "marginRight": 0,
                    "marginTop": 0,
                    "textTransform": "none",
                  }
                }
                suppressHighlighting={true}
              >
                OPEN
              </Text>
            </View>
          </View>
        </View>
      </View>
      <View
        style={
          {
            "flex": 1,
            "flexDirection": "column",
            "gap": 7,
            "marginBottom": "auto",
            "marginTop": "auto",
          }
        }
      >
        <View
          style={
            {
              "flexDirection": "column",
              "gap": 7,
            }
          }
        >
          <View
            style={
              {
                "flex": 1,
                "gap": 7,
              }
            }
          >
            <View
              style={
                {
                  "backgroundColor": "transparent",
                  "borderBottomLeftRadius": 12,
                  "borderBottomRightRadius": 12,
                  "borderBottomWidth": 1,
                  "borderLeftWidth": 1,
                  "borderRightWidth": 1,
                  "borderStyle": "solid",
                  "borderTopLeftRadius": 12,
                  "borderTopRightRadius": 12,
                  "borderTopWidth": 1,
                  "flexDirection": "column",
                  "justifyContent": "center",
                  "paddingBottom": 18,
                  "paddingLeft": 18,
                  "paddingRight": 18,
                  "paddingTop": 18,
                  "position": "relative",
                }
              }
            >
              <View
                style={
                  {
                    "flexDirection": "column",
                    "gap": 7,
                  }
                }
              >
                <Text
                  cancelable={true}
                  disabled={false}
                  focusable={true}
                  id=":r2:"
                  minPressDuration={0}
                  onBlur={[Function]}
                  onFocus={[Function]}
                  onMouseEnter={[Function]}
                  onMouseLeave={[Function]}
                  onPress={[Function]}
                  onPressIn={[Function]}
                  onPressOut={[Function]}
                  style={
                    {
                      "alignItems": "center",
                      "backgroundColor": "transparent",
                      "color": "hsla(112, 22%, 59%, 1)",
                      "display": "flex",
                      "fontFamily": "System",
                      "fontSize": 19.2,
                      "fontWeight": "400",
                      "lineHeight": 19,
                    }
                  }
                  suppressHighlighting={true}
                  userSelect="none"
                >
                  Snapshot Send Balance
                </Text>
                <Text
                  selectable={true}
                  style={
                    {
                      "color": "hsla(0, 0%, 100%, 1)",
                      "fontFamily": "System",
                      "fontSize": 24,
                      "fontWeight": "500",
                      "lineHeight": 19,
                    }
                  }
                  suppressHighlighting={true}
                >
                  0 SEND
                </Text>
              </View>
            </View>
          </View>
          <View
            style={
              {
                "flex": 1,
                "flexDirection": "row",
                "gap": 7,
              }
            }
          >
            <View
              style={
                {
                  "backgroundColor": "transparent",
                  "borderBottomLeftRadius": 12,
                  "borderBottomRightRadius": 12,
                  "borderBottomWidth": 1,
                  "borderLeftWidth": 1,
                  "borderRightWidth": 1,
                  "borderStyle": "solid",
                  "borderTopLeftRadius": 12,
                  "borderTopRightRadius": 12,
                  "borderTopWidth": 1,
                  "flex": 2,
                  "flexDirection": "column",
                  "justifyContent": "center",
                  "paddingBottom": 18,
                  "paddingLeft": 18,
                  "paddingRight": 18,
                  "paddingTop": 18,
                  "position": "relative",
                }
              }
            >
              <View
                style={
                  {
                    "flexDirection": "column",
                    "gap": 7,
                  }
                }
              >
                <Text
                  cancelable={true}
                  disabled={false}
                  focusable={true}
                  id=":r3:"
                  minPressDuration={0}
                  onBlur={[Function]}
                  onFocus={[Function]}
                  onMouseEnter={[Function]}
                  onMouseLeave={[Function]}
                  onPress={[Function]}
                  onPressIn={[Function]}
                  onPressOut={[Function]}
                  style={
                    {
                      "alignItems": "center",
                      "backgroundColor": "transparent",
                      "color": "hsla(112, 22%, 59%, 1)",
                      "display": "flex",
                      "fontFamily": "System",
                      "fontSize": 19.2,
                      "fontWeight": "400",
                      "lineHeight": 19,
                    }
                  }
                  suppressHighlighting={true}
                  userSelect="none"
                >
                  Min Balance required
                </Text>
                <Text
                  selectable={true}
                  style={
                    {
                      "color": "hsla(0, 0%, 100%, 1)",
                      "fontFamily": "System",
                      "fontSize": 24,
                      "fontWeight": "500",
                      "lineHeight": 19,
                    }
                  }
                  suppressHighlighting={true}
                >
                  ?
                </Text>
              </View>
            </View>
            <View
              style={
                {
                  "backgroundColor": "transparent",
                  "borderBottomLeftRadius": 12,
                  "borderBottomRightRadius": 12,
                  "borderBottomWidth": 1,
                  "borderLeftWidth": 1,
                  "borderRightWidth": 1,
                  "borderStyle": "solid",
                  "borderTopLeftRadius": 12,
                  "borderTopRightRadius": 12,
                  "borderTopWidth": 1,
                  "flex": 1,
                  "flexDirection": "column",
                  "justifyContent": "center",
                  "paddingBottom": 18,
                  "paddingLeft": 18,
                  "paddingRight": 18,
                  "paddingTop": 18,
                  "position": "relative",
                }
              }
            >
              <View
                style={
                  {
                    "flexDirection": "column",
                    "gap": 7,
                  }
                }
              >
                <Text
                  cancelable={true}
                  disabled={false}
                  focusable={true}
                  id=":r4:"
                  minPressDuration={0}
                  onBlur={[Function]}
                  onFocus={[Function]}
                  onMouseEnter={[Function]}
                  onMouseLeave={[Function]}
                  onPress={[Function]}
                  onPressIn={[Function]}
                  onPressOut={[Function]}
                  style={
                    {
                      "alignItems": "center",
                      "backgroundColor": "transparent",
                      "color": "hsla(112, 22%, 59%, 1)",
                      "display": "flex",
                      "fontFamily": "System",
                      "fontSize": 19.2,
                      "fontWeight": "400",
                      "lineHeight": 19,
                    }
                  }
                  suppressHighlighting={true}
                  userSelect="none"
                >
                  Referrals
                </Text>
                <Text
                  selectable={true}
                  style={
                    {
                      "color": "hsla(0, 0%, 100%, 1)",
                      "fontFamily": "System",
                      "fontSize": 24,
                      "fontWeight": "500",
                      "lineHeight": 19,
                    }
                  }
                  suppressHighlighting={true}
                >
                  123
                </Text>
              </View>
            </View>
          </View>
        </View>
        <View
          style={
            {
              "flex": 1,
            }
          }
        >
          <View
            style={
              {
                "backgroundColor": "hsla(191, 32%, 10%, 1)",
                "borderBottomLeftRadius": 12,
                "borderBottomRightRadius": 12,
                "borderTopLeftRadius": 12,
                "borderTopRightRadius": 12,
                "flex": 1,
                "flexDirection": "column",
                "justifyContent": "center",
                "minHeight": 198,
                "paddingBottom": 32,
                "paddingLeft": 32,
                "paddingRight": 32,
                "paddingTop": 32,
                "position": "relative",
              }
            }
          >
            <View
              style={
                {
                  "alignItems": "center",
                  "flexDirection": "column",
                  "gap": 18,
                  "justifyContent": "center",
                  "marginLeft": "auto",
                  "marginRight": "auto",
                }
              }
            >
              <View
                style={
                  {
                    "gap": 32,
                  }
                }
              >
                <Text
                  cancelable={true}
                  disabled={false}
                  focusable={true}
                  id=":r5:"
                  minPressDuration={0}
                  onBlur={[Function]}
                  onFocus={[Function]}
                  onMouseEnter={[Function]}
                  onMouseLeave={[Function]}
                  onPress={[Function]}
                  onPressIn={[Function]}
                  onPressOut={[Function]}
                  style={
                    {
                      "alignItems": "center",
                      "backgroundColor": "transparent",
                      "color": "#86AE80",
                      "display": "flex",
                      "fontFamily": "System",
                      "fontSize": 19.2,
                      "fontWeight": "400",
                      "lineHeight": 19,
                      "textAlign": "left",
                    }
                  }
                  suppressHighlighting={true}
                  userSelect="none"
                >
                  Rewards
                </Text>
                <View>
                  <Text
                    selectable={true}
                    style={
                      {
                        "color": "hsla(191, 32%, 10%, 1)",
                        "fontFamily": "System",
                        "fontSize": 55.199999999999996,
                        "fontWeight": "500",
                        "lineHeight": 40,
                      }
                    }
                    suppressHighlighting={true}
                  >
                    1 SEND
                  </Text>
                  <Text
                    selectable={true}
                    style={
                      {
                        "color": "hsla(112, 22%, 50%, 1)",
                        "fontFamily": "System",
                        "fontSize": 16.8,
                        "fontWeight": "400",
                        "lineHeight": 19,
                        "opacity": 0.6,
                      }
                    }
                    suppressHighlighting={true}
                  >
                    1.00 USD
                  </Text>
                </View>
              </View>
            </View>
          </View>
        </View>
      </View>
    </View>
  </View>
  <View
    style={
      {
        "marginBottom": "auto",
        "marginTop": "auto",
      }
    }
  >
    <RCTScrollView
      scrollEnabled={true}
      showsHorizontalScrollIndicator={false}
      showsVerticalScrollIndicator={false}
      style={
        {
          "marginBottom": "auto",
          "marginTop": "auto",
          "overflow": "scroll",
          "paddingBottom": 24,
        }
      }
    >
      <View>
        <View
          style={
            {
              "flexDirection": "row",
              "gap": 7,
              "justifyContent": "space-between",
              "marginLeft": "auto",
              "marginRight": "auto",
              "maxWidth": 1072,
              "width": "100%",
            }
          }
        >
          <View
            disabled={true}
            style={
              {
                "backgroundColor": "hsla(191, 32%, 10%, 1)",
                "borderBottomLeftRadius": 6,
                "borderBottomRightRadius": 6,
                "borderTopLeftRadius": 6,
                "borderTopRightRadius": 6,
                "flex": 1,
                "flexDirection": "column",
                "height": 28,
                "justifyContent": "center",
                "maxWidth": 84,
                "minWidth": 74,
                "opacity": 0.5,
                "position": "relative",
              }
            }
          >
            <Text
              selectable={true}
              style={
                {
                  "color": "hsla(112, 22%, 59%, 1)",
                  "fontFamily": "System",
                  "fontSize": 13.2,
                  "fontWeight": "300",
                  "lineHeight": 16,
                  "textAlign": "center",
                }
              }
              suppressHighlighting={true}
            >
              # 1
            </Text>
          </View>
          <View
            disabled={true}
            style={
              {
                "backgroundColor": "hsla(191, 32%, 10%, 1)",
                "borderBottomLeftRadius": 6,
                "borderBottomRightRadius": 6,
                "borderTopLeftRadius": 6,
                "borderTopRightRadius": 6,
                "flex": 1,
                "flexDirection": "column",
                "height": 28,
                "justifyContent": "center",
                "maxWidth": 84,
                "minWidth": 74,
                "opacity": 0.5,
                "position": "relative",
              }
            }
          >
            <Text
              selectable={true}
              style={
                {
                  "color": "hsla(112, 22%, 59%, 1)",
                  "fontFamily": "System",
                  "fontSize": 13.2,
                  "fontWeight": "300",
                  "lineHeight": 16,
                  "textAlign": "center",
                }
              }
              suppressHighlighting={true}
            >
              # 2
            </Text>
          </View>
          <View
            disabled={true}
            style={
              {
                "backgroundColor": "hsla(191, 32%, 10%, 1)",
                "borderBottomLeftRadius": 6,
                "borderBottomRightRadius": 6,
                "borderTopLeftRadius": 6,
                "borderTopRightRadius": 6,
                "flex": 1,
                "flexDirection": "column",
                "height": 28,
                "justifyContent": "center",
                "maxWidth": 84,
                "minWidth": 74,
                "opacity": 0.5,
                "position": "relative",
              }
            }
          >
            <Text
              selectable={true}
              style={
                {
                  "color": "hsla(112, 22%, 59%, 1)",
                  "fontFamily": "System",
                  "fontSize": 13.2,
                  "fontWeight": "300",
                  "lineHeight": 16,
                  "textAlign": "center",
                }
              }
              suppressHighlighting={true}
            >
              # 3
            </Text>
          </View>
          <View
            disabled={true}
            style={
              {
                "backgroundColor": "hsla(191, 32%, 10%, 1)",
                "borderBottomLeftRadius": 6,
                "borderBottomRightRadius": 6,
                "borderTopLeftRadius": 6,
                "borderTopRightRadius": 6,
                "flex": 1,
                "flexDirection": "column",
                "height": 28,
                "justifyContent": "center",
                "maxWidth": 84,
                "minWidth": 74,
                "opacity": 0.5,
                "position": "relative",
              }
            }
          >
            <Text
              selectable={true}
              style={
                {
                  "color": "hsla(112, 22%, 59%, 1)",
                  "fontFamily": "System",
                  "fontSize": 13.2,
                  "fontWeight": "300",
                  "lineHeight": 16,
                  "textAlign": "center",
                }
              }
              suppressHighlighting={true}
            >
              # 4
            </Text>
          </View>
          <View
            disabled={true}
            style={
              {
                "backgroundColor": "hsla(191, 32%, 10%, 1)",
                "borderBottomLeftRadius": 6,
                "borderBottomRightRadius": 6,
                "borderTopLeftRadius": 6,
                "borderTopRightRadius": 6,
                "flex": 1,
                "flexDirection": "column",
                "height": 28,
                "justifyContent": "center",
                "maxWidth": 84,
                "minWidth": 74,
                "opacity": 0.5,
                "position": "relative",
              }
            }
          >
            <Text
              selectable={true}
              style={
                {
                  "color": "hsla(112, 22%, 59%, 1)",
                  "fontFamily": "System",
                  "fontSize": 13.2,
                  "fontWeight": "300",
                  "lineHeight": 16,
                  "textAlign": "center",
                }
              }
              suppressHighlighting={true}
            >
              # 5
            </Text>
          </View>
          <View
            disabled={true}
            style={
              {
                "backgroundColor": "hsla(191, 32%, 10%, 1)",
                "borderBottomLeftRadius": 6,
                "borderBottomRightRadius": 6,
                "borderTopLeftRadius": 6,
                "borderTopRightRadius": 6,
                "flex": 1,
                "flexDirection": "column",
                "height": 28,
                "justifyContent": "center",
                "maxWidth": 84,
                "minWidth": 74,
                "opacity": 0.5,
                "position": "relative",
              }
            }
          >
            <Text
              selectable={true}
              style={
                {
                  "color": "hsla(112, 22%, 59%, 1)",
                  "fontFamily": "System",
                  "fontSize": 13.2,
                  "fontWeight": "300",
                  "lineHeight": 16,
                  "textAlign": "center",
                }
              }
              suppressHighlighting={true}
            >
              # 6
            </Text>
          </View>
          <View
            disabled={true}
            style={
              {
                "backgroundColor": "hsla(191, 32%, 10%, 1)",
                "borderBottomLeftRadius": 6,
                "borderBottomRightRadius": 6,
                "borderTopLeftRadius": 6,
                "borderTopRightRadius": 6,
                "flex": 1,
                "flexDirection": "column",
                "height": 28,
                "justifyContent": "center",
                "maxWidth": 84,
                "minWidth": 74,
                "opacity": 0.5,
                "position": "relative",
              }
            }
          >
            <Text
              selectable={true}
              style={
                {
                  "color": "hsla(112, 22%, 59%, 1)",
                  "fontFamily": "System",
                  "fontSize": 13.2,
                  "fontWeight": "300",
                  "lineHeight": 16,
                  "textAlign": "center",
                }
              }
              suppressHighlighting={true}
            >
              # 7
            </Text>
          </View>
          <View
            disabled={true}
            style={
              {
                "backgroundColor": "hsla(191, 32%, 10%, 1)",
                "borderBottomLeftRadius": 6,
                "borderBottomRightRadius": 6,
                "borderTopLeftRadius": 6,
                "borderTopRightRadius": 6,
                "flex": 1,
                "flexDirection": "column",
                "height": 28,
                "justifyContent": "center",
                "maxWidth": 84,
                "minWidth": 74,
                "opacity": 0.5,
                "position": "relative",
              }
            }
          >
            <Text
              selectable={true}
              style={
                {
                  "color": "hsla(112, 22%, 59%, 1)",
                  "fontFamily": "System",
                  "fontSize": 13.2,
                  "fontWeight": "300",
                  "lineHeight": 16,
                  "textAlign": "center",
                }
              }
              suppressHighlighting={true}
            >
              # 8
            </Text>
          </View>
          <View
            disabled={true}
            style={
              {
                "backgroundColor": "hsla(191, 32%, 10%, 1)",
                "borderBottomLeftRadius": 6,
                "borderBottomRightRadius": 6,
                "borderTopLeftRadius": 6,
                "borderTopRightRadius": 6,
                "flex": 1,
                "flexDirection": "column",
                "height": 28,
                "justifyContent": "center",
                "maxWidth": 84,
                "minWidth": 74,
                "opacity": 0.5,
                "position": "relative",
              }
            }
          >
            <Text
              selectable={true}
              style={
                {
                  "color": "hsla(112, 22%, 59%, 1)",
                  "fontFamily": "System",
                  "fontSize": 13.2,
                  "fontWeight": "300",
                  "lineHeight": 16,
                  "textAlign": "center",
                }
              }
              suppressHighlighting={true}
            >
              # 9
            </Text>
          </View>
          <View
            disabled={true}
            style={
              {
                "backgroundColor": "hsla(191, 32%, 10%, 1)",
                "borderBottomLeftRadius": 6,
                "borderBottomRightRadius": 6,
                "borderTopLeftRadius": 6,
                "borderTopRightRadius": 6,
                "flex": 1,
                "flexDirection": "column",
                "height": 28,
                "justifyContent": "center",
                "maxWidth": 84,
                "minWidth": 74,
                "opacity": 0.5,
                "position": "relative",
              }
            }
          >
            <Text
              selectable={true}
              style={
                {
                  "color": "hsla(112, 22%, 59%, 1)",
                  "fontFamily": "System",
                  "fontSize": 13.2,
                  "fontWeight": "300",
                  "lineHeight": 16,
                  "textAlign": "center",
                }
              }
              suppressHighlighting={true}
            >
              # 10
            </Text>
          </View>
        </View>
      </View>
    </RCTScrollView>
  </View>
</View>
`;
